<?xml version="1.0" encoding="UTF-8"?>
<data>
	<existing />
	<sub-item1 />
	<sub-item2 />
</data>
